
[1m[46m RUN [49m[22m [36mv4.0.18 [39m[90mC:/Users/PC/Desktop/portfolio/site[39m

node.exe : [90mstderr[2m | 
src/app/api/chat/__tests__/route.test.ts[2m > 
[22m[2mPOST /api/chat[2m > [22m[2mhandles 
Gemini API error gracefully
At C:\Program Files\nodejs\npx.ps1:29 char:3
+   & $NODE_EXE $NPX_CLI_JS $args
+   ~~~~~~~~~~~~~~~~~~~~~~~~~~~~~
    + CategoryInfo          : NotSpecified: ([90mst 
   derr[2m...rror gracefully:String) [], RemoteExc  
  eption
    + FullyQualifiedErrorId : NativeCommandError
 
[22m[39mGemini API Error Status: [33m500[39m
Gemini API Error Detail: {
  "error": "Internal server error"
}

[90mstderr[2m | 
src/app/api/chat/__tests__/route.test.ts[2m > 
[22m[2mPOST /api/chat[2m > [22m[2mhandles 
malformed JSON body
[22m[39mChat API error: SyntaxError: Unexpected 
token 'o', "not valid json {{{" is not valid JSON
    at JSON.parse (<anonymous>)
[90m    at parseJSONFromBytes 
(node:internal/deps/undici/undici:5738:19)[39m
[90m    at successSteps 
(node:internal/deps/undici/undici:5719:27)[39m
[90m    at fullyReadBody 
(node:internal/deps/undici/undici:4609:9)[39m
[90m    at processTicksAndRejections 
(node:internal/process/task_queues:105:5)[39m
[90m    at consumeBody 
(node:internal/deps/undici/undici:5728:7)[39m
    at POST (C:/Users/PC/Desktop/portfolio/site/src/a
pp/api/chat/route.ts:154:18)
    at C:/Users/PC/Desktop/portfolio/site/src/app/api
/chat/__tests__/route.test.ts:239:17
    at [90mfile:///C:/Users/PC/Desktop/portfolio/sit
e/[39mnode_modules/[4m@vitest[24m/runner/dist/inde
x.js:915:20

 [32mΓ£ô[39m src/app/api/chat/__tests__/route.test.ts [2m([22m[2m12 tests[22m[2m)[22m[32m 68[2mms[22m[39m
 [32mΓ£ô[39m src/components/__tests__/AIChatbot.test.tsx [2m([22m[2m12 tests[22m[2m)[22m[33m 2241[2mms[22m[39m
     [33m[2mΓ£ô[22m[39m sends a user message and displays assistant reply [33m 444[2mms[22m[39m
     [33m[2mΓ£ô[22m[39m Shift+Enter does NOT send message [33m 343[2mms[22m[39m

[2m Test Files [22m [1m[32m2 passed[39m[22m[90m (2)[39m
[2m      Tests [22m [1m[32m24 passed[39m[22m[90m (24)[39m
[2m   Start at [22m 20:46:35
[2m   Duration [22m 4.00s[2m (transform 281ms, setup 277ms, import 539ms, tests 2.31s, environment 1.99s)[22m

